// Jest Snapshot v1, https://goo.gl/fbAQLP

exports[`Snapshot test 1`] = `
Object {
  "Outputs": Object {
    "ApplicationHandlerLambdaArnB02DA89F": Object {
      "Value": Object {
        "Fn::GetAtt": Array [
          "ApplicationHandler5249A5A1",
          "Arn",
        ],
      },
    },
    "ApplicationMigrationRunnerLambdaArnB7542159": Object {
      "Value": Object {
        "Fn::GetAtt": Array [
          "ApplicationMigrationRunner12D5DD07",
          "Arn",
        ],
      },
    },
  },
  "Parameters": Object {
    "BootstrapVersion": Object {
      "Default": "/cdk-bootstrap/hnb659fds/version",
      "Description": "Version of the CDK Bootstrap resources in this environment, automatically retrieved from SSM Parameter Store. [cdk:skip]",
      "Type": "AWS::SSM::Parameter::Value<String>",
    },
  },
  "Resources": Object {
    "ApplicationDockerHandlerF8248C01": Object {
      "DependsOn": Array [
        "ApplicationDockerHandlerServiceRole80C82910",
        "VpcPrivateSubnet1DefaultRouteBE02A9ED",
        "VpcPrivateSubnet1RouteTableAssociation70C59FA6",
        "VpcPrivateSubnet2DefaultRoute060D2087",
        "VpcPrivateSubnet2RouteTableAssociationA89CAD56",
      ],
      "Properties": Object {
        "Code": Object {
          "ImageUri": Object {
            "Fn::Sub": "\${AWS::AccountId}.dkr.ecr.\${AWS::Region}.\${AWS::URLSuffix}/cdk-hnb659fds-container-assets-\${AWS::AccountId}-\${AWS::Region}:1a2f129861bdfcf8ed2c5c29d190ecfefdd729368117def7e0d039c6ed74b999",
          },
        },
        "Environment": Object {
          "Variables": Object {
            "DATABASE_ENGINE": Object {
              "Fn::Join": Array [
                "",
                Array [
                  "{{resolve:secretsmanager:",
                  Object {
                    "Ref": "DatabaseClusterSecretAttachmentDC8466C0",
                  },
                  ":SecretString:engine::}}",
                ],
              ],
            },
            "DATABASE_HOST": Object {
              "Fn::GetAtt": Array [
                "DatabaseCluster5B53A178",
                "Endpoint.Address",
              ],
            },
            "DATABASE_PASSWORD": Object {
              "Fn::Join": Array [
                "",
                Array [
                  "{{resolve:secretsmanager:",
                  Object {
                    "Ref": "DatabaseClusterSecretAttachmentDC8466C0",
                  },
                  ":SecretString:password::}}",
                ],
              ],
            },
            "DATABASE_PORT": Object {
              "Fn::GetAtt": Array [
                "DatabaseCluster5B53A178",
                "Endpoint.Port",
              ],
            },
            "DATABASE_USER": Object {
              "Fn::Join": Array [
                "",
                Array [
                  "{{resolve:secretsmanager:",
                  Object {
                    "Ref": "DatabaseClusterSecretAttachmentDC8466C0",
                  },
                  ":SecretString:username::}}",
                ],
              ],
            },
          },
        },
        "MemorySize": 256,
        "PackageType": "Image",
        "Role": Object {
          "Fn::GetAtt": Array [
            "ApplicationDockerHandlerServiceRole80C82910",
            "Arn",
          ],
        },
        "Timeout": 15,
        "VpcConfig": Object {
          "SecurityGroupIds": Array [
            Object {
              "Fn::GetAtt": Array [
                "ApplicationSecurityGroup0110FDEE",
                "GroupId",
              ],
            },
          ],
          "SubnetIds": Array [
            Object {
              "Ref": "VpcPrivateSubnet1Subnet536B997A",
            },
            Object {
              "Ref": "VpcPrivateSubnet2Subnet3788AAA1",
            },
          ],
        },
      },
      "Type": "AWS::Lambda::Function",
    },
    "ApplicationDockerHandlerServiceRole80C82910": Object {
      "DependsOn": Array [
        "VpcPrivateSubnet1DefaultRouteBE02A9ED",
        "VpcPrivateSubnet1RouteTableAssociation70C59FA6",
        "VpcPrivateSubnet2DefaultRoute060D2087",
        "VpcPrivateSubnet2RouteTableAssociationA89CAD56",
      ],
      "Properties": Object {
        "AssumeRolePolicyDocument": Object {
          "Statement": Array [
            Object {
              "Action": "sts:AssumeRole",
              "Effect": "Allow",
              "Principal": Object {
                "Service": "lambda.amazonaws.com",
              },
            },
          ],
          "Version": "2012-10-17",
        },
        "ManagedPolicyArns": Array [
          Object {
            "Fn::Join": Array [
              "",
              Array [
                "arn:",
                Object {
                  "Ref": "AWS::Partition",
                },
                ":iam::aws:policy/service-role/AWSLambdaBasicExecutionRole",
              ],
            ],
          },
          Object {
            "Fn::Join": Array [
              "",
              Array [
                "arn:",
                Object {
                  "Ref": "AWS::Partition",
                },
                ":iam::aws:policy/service-role/AWSLambdaVPCAccessExecutionRole",
              ],
            ],
          },
        ],
      },
      "Type": "AWS::IAM::Role",
    },
    "ApplicationDockerMigrationRunner881B43FB": Object {
      "DependsOn": Array [
        "ApplicationDockerMigrationRunnerServiceRole6F7AE92F",
        "VpcPrivateSubnet1DefaultRouteBE02A9ED",
        "VpcPrivateSubnet1RouteTableAssociation70C59FA6",
        "VpcPrivateSubnet2DefaultRoute060D2087",
        "VpcPrivateSubnet2RouteTableAssociationA89CAD56",
      ],
      "Properties": Object {
        "Code": Object {
          "ImageUri": Object {
            "Fn::Sub": "\${AWS::AccountId}.dkr.ecr.\${AWS::Region}.\${AWS::URLSuffix}/cdk-hnb659fds-container-assets-\${AWS::AccountId}-\${AWS::Region}:1a2f129861bdfcf8ed2c5c29d190ecfefdd729368117def7e0d039c6ed74b999",
          },
        },
        "Environment": Object {
          "Variables": Object {
            "DATABASE_ENGINE": Object {
              "Fn::Join": Array [
                "",
                Array [
                  "{{resolve:secretsmanager:",
                  Object {
                    "Ref": "DatabaseClusterSecretAttachmentDC8466C0",
                  },
                  ":SecretString:engine::}}",
                ],
              ],
            },
            "DATABASE_HOST": Object {
              "Fn::GetAtt": Array [
                "DatabaseCluster5B53A178",
                "Endpoint.Address",
              ],
            },
            "DATABASE_PASSWORD": Object {
              "Fn::Join": Array [
                "",
                Array [
                  "{{resolve:secretsmanager:",
                  Object {
                    "Ref": "DatabaseClusterSecretAttachmentDC8466C0",
                  },
                  ":SecretString:password::}}",
                ],
              ],
            },
            "DATABASE_PORT": Object {
              "Fn::GetAtt": Array [
                "DatabaseCluster5B53A178",
                "Endpoint.Port",
              ],
            },
            "DATABASE_USER": Object {
              "Fn::Join": Array [
                "",
                Array [
                  "{{resolve:secretsmanager:",
                  Object {
                    "Ref": "DatabaseClusterSecretAttachmentDC8466C0",
                  },
                  ":SecretString:username::}}",
                ],
              ],
            },
          },
        },
        "ImageConfig": Object {
          "Command": Array [
            "migration-runner.handler",
          ],
        },
        "MemorySize": 256,
        "PackageType": "Image",
        "Role": Object {
          "Fn::GetAtt": Array [
            "ApplicationDockerMigrationRunnerServiceRole6F7AE92F",
            "Arn",
          ],
        },
        "Timeout": 60,
        "VpcConfig": Object {
          "SecurityGroupIds": Array [
            Object {
              "Fn::GetAtt": Array [
                "ApplicationSecurityGroup0110FDEE",
                "GroupId",
              ],
            },
          ],
          "SubnetIds": Array [
            Object {
              "Ref": "VpcPrivateSubnet1Subnet536B997A",
            },
            Object {
              "Ref": "VpcPrivateSubnet2Subnet3788AAA1",
            },
          ],
        },
      },
      "Type": "AWS::Lambda::Function",
    },
    "ApplicationDockerMigrationRunnerServiceRole6F7AE92F": Object {
      "DependsOn": Array [
        "VpcPrivateSubnet1DefaultRouteBE02A9ED",
        "VpcPrivateSubnet1RouteTableAssociation70C59FA6",
        "VpcPrivateSubnet2DefaultRoute060D2087",
        "VpcPrivateSubnet2RouteTableAssociationA89CAD56",
      ],
      "Properties": Object {
        "AssumeRolePolicyDocument": Object {
          "Statement": Array [
            Object {
              "Action": "sts:AssumeRole",
              "Effect": "Allow",
              "Principal": Object {
                "Service": "lambda.amazonaws.com",
              },
            },
          ],
          "Version": "2012-10-17",
        },
        "ManagedPolicyArns": Array [
          Object {
            "Fn::Join": Array [
              "",
              Array [
                "arn:",
                Object {
                  "Ref": "AWS::Partition",
                },
                ":iam::aws:policy/service-role/AWSLambdaBasicExecutionRole",
              ],
            ],
          },
          Object {
            "Fn::Join": Array [
              "",
              Array [
                "arn:",
                Object {
                  "Ref": "AWS::Partition",
                },
                ":iam::aws:policy/service-role/AWSLambdaVPCAccessExecutionRole",
              ],
            ],
          },
        ],
      },
      "Type": "AWS::IAM::Role",
    },
    "ApplicationHandler5249A5A1": Object {
      "DependsOn": Array [
        "ApplicationHandlerServiceRole1EE6212A",
        "VpcPrivateSubnet1DefaultRouteBE02A9ED",
        "VpcPrivateSubnet1RouteTableAssociation70C59FA6",
        "VpcPrivateSubnet2DefaultRoute060D2087",
        "VpcPrivateSubnet2RouteTableAssociationA89CAD56",
      ],
      "Properties": Object {
        "Code": Object {
          "S3Bucket": Object {
            "Fn::Sub": "cdk-hnb659fds-assets-\${AWS::AccountId}-\${AWS::Region}",
          },
          "S3Key": "eadfbe79eed7ab2a22a911ef6b9d66fca5d953e1291e1daf82e7dd831182b4c2.zip",
        },
        "Environment": Object {
          "Variables": Object {
            "AWS_NODEJS_CONNECTION_REUSE_ENABLED": "1",
            "DATABASE_ENGINE": Object {
              "Fn::Join": Array [
                "",
                Array [
                  "{{resolve:secretsmanager:",
                  Object {
                    "Ref": "DatabaseClusterSecretAttachmentDC8466C0",
                  },
                  ":SecretString:engine::}}",
                ],
              ],
            },
            "DATABASE_HOST": Object {
              "Fn::GetAtt": Array [
                "DatabaseCluster5B53A178",
                "Endpoint.Address",
              ],
            },
            "DATABASE_PASSWORD": Object {
              "Fn::Join": Array [
                "",
                Array [
                  "{{resolve:secretsmanager:",
                  Object {
                    "Ref": "DatabaseClusterSecretAttachmentDC8466C0",
                  },
                  ":SecretString:password::}}",
                ],
              ],
            },
            "DATABASE_PORT": Object {
              "Fn::GetAtt": Array [
                "DatabaseCluster5B53A178",
                "Endpoint.Port",
              ],
            },
            "DATABASE_USER": Object {
              "Fn::Join": Array [
                "",
                Array [
                  "{{resolve:secretsmanager:",
                  Object {
                    "Ref": "DatabaseClusterSecretAttachmentDC8466C0",
                  },
                  ":SecretString:username::}}",
                ],
              ],
            },
          },
        },
        "Handler": "index.handler",
        "MemorySize": 256,
        "Role": Object {
          "Fn::GetAtt": Array [
            "ApplicationHandlerServiceRole1EE6212A",
            "Arn",
          ],
        },
        "Runtime": "nodejs18.x",
        "Timeout": 15,
        "VpcConfig": Object {
          "SecurityGroupIds": Array [
            Object {
              "Fn::GetAtt": Array [
                "ApplicationSecurityGroup0110FDEE",
                "GroupId",
              ],
            },
          ],
          "SubnetIds": Array [
            Object {
              "Ref": "VpcPrivateSubnet1Subnet536B997A",
            },
            Object {
              "Ref": "VpcPrivateSubnet2Subnet3788AAA1",
            },
          ],
        },
      },
      "Type": "AWS::Lambda::Function",
    },
    "ApplicationHandlerServiceRole1EE6212A": Object {
      "DependsOn": Array [
        "VpcPrivateSubnet1DefaultRouteBE02A9ED",
        "VpcPrivateSubnet1RouteTableAssociation70C59FA6",
        "VpcPrivateSubnet2DefaultRoute060D2087",
        "VpcPrivateSubnet2RouteTableAssociationA89CAD56",
      ],
      "Properties": Object {
        "AssumeRolePolicyDocument": Object {
          "Statement": Array [
            Object {
              "Action": "sts:AssumeRole",
              "Effect": "Allow",
              "Principal": Object {
                "Service": "lambda.amazonaws.com",
              },
            },
          ],
          "Version": "2012-10-17",
        },
        "ManagedPolicyArns": Array [
          Object {
            "Fn::Join": Array [
              "",
              Array [
                "arn:",
                Object {
                  "Ref": "AWS::Partition",
                },
                ":iam::aws:policy/service-role/AWSLambdaBasicExecutionRole",
              ],
            ],
          },
          Object {
            "Fn::Join": Array [
              "",
              Array [
                "arn:",
                Object {
                  "Ref": "AWS::Partition",
                },
                ":iam::aws:policy/service-role/AWSLambdaVPCAccessExecutionRole",
              ],
            ],
          },
        ],
      },
      "Type": "AWS::IAM::Role",
    },
    "ApplicationMigrationRunner12D5DD07": Object {
      "DependsOn": Array [
        "ApplicationMigrationRunnerServiceRoleCD71EB3F",
        "VpcPrivateSubnet1DefaultRouteBE02A9ED",
        "VpcPrivateSubnet1RouteTableAssociation70C59FA6",
        "VpcPrivateSubnet2DefaultRoute060D2087",
        "VpcPrivateSubnet2RouteTableAssociationA89CAD56",
      ],
      "Properties": Object {
        "Code": Object {
          "S3Bucket": Object {
            "Fn::Sub": "cdk-hnb659fds-assets-\${AWS::AccountId}-\${AWS::Region}",
          },
          "S3Key": "2d5dc1cda7681d01a8768a345b4f6f79aa16ce802c2b3c407f6709bba655348a.zip",
        },
        "Environment": Object {
          "Variables": Object {
            "AWS_NODEJS_CONNECTION_REUSE_ENABLED": "1",
            "DATABASE_ENGINE": Object {
              "Fn::Join": Array [
                "",
                Array [
                  "{{resolve:secretsmanager:",
                  Object {
                    "Ref": "DatabaseClusterSecretAttachmentDC8466C0",
                  },
                  ":SecretString:engine::}}",
                ],
              ],
            },
            "DATABASE_HOST": Object {
              "Fn::GetAtt": Array [
                "DatabaseCluster5B53A178",
                "Endpoint.Address",
              ],
            },
            "DATABASE_PASSWORD": Object {
              "Fn::Join": Array [
                "",
                Array [
                  "{{resolve:secretsmanager:",
                  Object {
                    "Ref": "DatabaseClusterSecretAttachmentDC8466C0",
                  },
                  ":SecretString:password::}}",
                ],
              ],
            },
            "DATABASE_PORT": Object {
              "Fn::GetAtt": Array [
                "DatabaseCluster5B53A178",
                "Endpoint.Port",
              ],
            },
            "DATABASE_USER": Object {
              "Fn::Join": Array [
                "",
                Array [
                  "{{resolve:secretsmanager:",
                  Object {
                    "Ref": "DatabaseClusterSecretAttachmentDC8466C0",
                  },
                  ":SecretString:username::}}",
                ],
              ],
            },
          },
        },
        "Handler": "index.handler",
        "MemorySize": 256,
        "Role": Object {
          "Fn::GetAtt": Array [
            "ApplicationMigrationRunnerServiceRoleCD71EB3F",
            "Arn",
          ],
        },
        "Runtime": "nodejs18.x",
        "Timeout": 60,
        "VpcConfig": Object {
          "SecurityGroupIds": Array [
            Object {
              "Fn::GetAtt": Array [
                "ApplicationSecurityGroup0110FDEE",
                "GroupId",
              ],
            },
          ],
          "SubnetIds": Array [
            Object {
              "Ref": "VpcPrivateSubnet1Subnet536B997A",
            },
            Object {
              "Ref": "VpcPrivateSubnet2Subnet3788AAA1",
            },
          ],
        },
      },
      "Type": "AWS::Lambda::Function",
    },
    "ApplicationMigrationRunnerServiceRoleCD71EB3F": Object {
      "DependsOn": Array [
        "VpcPrivateSubnet1DefaultRouteBE02A9ED",
        "VpcPrivateSubnet1RouteTableAssociation70C59FA6",
        "VpcPrivateSubnet2DefaultRoute060D2087",
        "VpcPrivateSubnet2RouteTableAssociationA89CAD56",
      ],
      "Properties": Object {
        "AssumeRolePolicyDocument": Object {
          "Statement": Array [
            Object {
              "Action": "sts:AssumeRole",
              "Effect": "Allow",
              "Principal": Object {
                "Service": "lambda.amazonaws.com",
              },
            },
          ],
          "Version": "2012-10-17",
        },
        "ManagedPolicyArns": Array [
          Object {
            "Fn::Join": Array [
              "",
              Array [
                "arn:",
                Object {
                  "Ref": "AWS::Partition",
                },
                ":iam::aws:policy/service-role/AWSLambdaBasicExecutionRole",
              ],
            ],
          },
          Object {
            "Fn::Join": Array [
              "",
              Array [
                "arn:",
                Object {
                  "Ref": "AWS::Partition",
                },
                ":iam::aws:policy/service-role/AWSLambdaVPCAccessExecutionRole",
              ],
            ],
          },
        ],
      },
      "Type": "AWS::IAM::Role",
    },
    "ApplicationSecurityGroup0110FDEE": Object {
      "Properties": Object {
        "GroupDescription": "MyTestStack/Application/SecurityGroup",
        "SecurityGroupEgress": Array [
          Object {
            "CidrIp": "0.0.0.0/0",
            "Description": "Allow all outbound traffic by default",
            "IpProtocol": "-1",
          },
        ],
        "VpcId": Object {
          "Ref": "Vpc8378EB38",
        },
      },
      "Type": "AWS::EC2::SecurityGroup",
    },
    "DatabaseCluster5B53A178": Object {
      "DeletionPolicy": "Snapshot",
      "Properties": Object {
        "CopyTagsToSnapshot": true,
        "DBClusterParameterGroupName": "default.aurora-mysql8.0",
        "DBSubnetGroupName": Object {
          "Ref": "DatabaseClusterSubnets5540150D",
        },
        "Engine": "aurora-mysql",
        "EngineVersion": "8.0.mysql_aurora.3.03.0",
        "MasterUserPassword": Object {
          "Fn::Join": Array [
            "",
            Array [
              "{{resolve:secretsmanager:",
              Object {
                "Ref": "DatabaseClusterSecretD1FB634F",
              },
              ":SecretString:password::}}",
            ],
          ],
        },
        "MasterUsername": Object {
          "Fn::Join": Array [
            "",
            Array [
              "{{resolve:secretsmanager:",
              Object {
                "Ref": "DatabaseClusterSecretD1FB634F",
              },
              ":SecretString:username::}}",
            ],
          ],
        },
        "StorageEncrypted": true,
        "VpcSecurityGroupIds": Array [
          Object {
            "Fn::GetAtt": Array [
              "DatabaseClusterSecurityGroupFEF1426A",
              "GroupId",
            ],
          },
        ],
      },
      "Type": "AWS::RDS::DBCluster",
      "UpdateReplacePolicy": "Snapshot",
    },
    "DatabaseClusterSecretAttachmentDC8466C0": Object {
      "Properties": Object {
        "SecretId": Object {
          "Ref": "DatabaseClusterSecretD1FB634F",
        },
        "TargetId": Object {
          "Ref": "DatabaseCluster5B53A178",
        },
        "TargetType": "AWS::RDS::DBCluster",
      },
      "Type": "AWS::SecretsManager::SecretTargetAttachment",
    },
    "DatabaseClusterSecretD1FB634F": Object {
      "DeletionPolicy": "Delete",
      "Properties": Object {
        "Description": Object {
          "Fn::Join": Array [
            "",
            Array [
              "Generated by the CDK for stack: ",
              Object {
                "Ref": "AWS::StackName",
              },
            ],
          ],
        },
        "GenerateSecretString": Object {
          "ExcludeCharacters": " %+~\`#$&*()|[]{}:;<>?!'/@\\"\\\\",
          "GenerateStringKey": "password",
          "PasswordLength": 30,
          "SecretStringTemplate": "{\\"username\\":\\"admin\\"}",
        },
      },
      "Type": "AWS::SecretsManager::Secret",
      "UpdateReplacePolicy": "Delete",
    },
    "DatabaseClusterSecurityGroupFEF1426A": Object {
      "Properties": Object {
        "GroupDescription": "RDS security group",
        "SecurityGroupEgress": Array [
          Object {
            "CidrIp": "0.0.0.0/0",
            "Description": "Allow all outbound traffic by default",
            "IpProtocol": "-1",
          },
        ],
        "VpcId": Object {
          "Ref": "Vpc8378EB38",
        },
      },
      "Type": "AWS::EC2::SecurityGroup",
    },
    "DatabaseClusterSecurityGroupfromMyTestStackApplicationSecurityGroupBD072B80IndirectPortE5C27727": Object {
      "Properties": Object {
        "Description": "from MyTestStackApplicationSecurityGroupBD072B80:{IndirectPort}",
        "FromPort": Object {
          "Fn::GetAtt": Array [
            "DatabaseCluster5B53A178",
            "Endpoint.Port",
          ],
        },
        "GroupId": Object {
          "Fn::GetAtt": Array [
            "DatabaseClusterSecurityGroupFEF1426A",
            "GroupId",
          ],
        },
        "IpProtocol": "tcp",
        "SourceSecurityGroupId": Object {
          "Fn::GetAtt": Array [
            "ApplicationSecurityGroup0110FDEE",
            "GroupId",
          ],
        },
        "ToPort": Object {
          "Fn::GetAtt": Array [
            "DatabaseCluster5B53A178",
            "Endpoint.Port",
          ],
        },
      },
      "Type": "AWS::EC2::SecurityGroupIngress",
    },
    "DatabaseClusterSubnets5540150D": Object {
      "Properties": Object {
        "DBSubnetGroupDescription": "Subnets for Cluster database",
        "SubnetIds": Array [
          Object {
            "Ref": "VpcPrivateSubnet1Subnet536B997A",
          },
          Object {
            "Ref": "VpcPrivateSubnet2Subnet3788AAA1",
          },
        ],
      },
      "Type": "AWS::RDS::DBSubnetGroup",
    },
    "DatabaseClusterWriterD43085C6": Object {
      "DeletionPolicy": "Delete",
      "DependsOn": Array [
        "VpcPrivateSubnet1DefaultRouteBE02A9ED",
        "VpcPrivateSubnet1RouteTableAssociation70C59FA6",
        "VpcPrivateSubnet2DefaultRoute060D2087",
        "VpcPrivateSubnet2RouteTableAssociationA89CAD56",
      ],
      "Properties": Object {
        "DBClusterIdentifier": Object {
          "Ref": "DatabaseCluster5B53A178",
        },
        "DBInstanceClass": "db.t3.medium",
        "Engine": "aurora-mysql",
        "PromotionTier": 0,
        "PubliclyAccessible": false,
      },
      "Type": "AWS::RDS::DBInstance",
      "UpdateReplacePolicy": "Delete",
    },
    "Vpc8378EB38": Object {
      "Properties": Object {
        "CidrBlock": "10.0.0.0/16",
        "EnableDnsHostnames": true,
        "EnableDnsSupport": true,
        "InstanceTenancy": "default",
        "Tags": Array [
          Object {
            "Key": "Name",
            "Value": "MyTestStack/Vpc",
          },
        ],
      },
      "Type": "AWS::EC2::VPC",
    },
    "VpcIGWD7BA715C": Object {
      "Properties": Object {
        "Tags": Array [
          Object {
            "Key": "Name",
            "Value": "MyTestStack/Vpc",
          },
        ],
      },
      "Type": "AWS::EC2::InternetGateway",
    },
    "VpcPrivateSubnet1DefaultRouteBE02A9ED": Object {
      "Properties": Object {
        "DestinationCidrBlock": "0.0.0.0/0",
        "NatGatewayId": Object {
          "Ref": "VpcPublicSubnet1NATGateway4D7517AA",
        },
        "RouteTableId": Object {
          "Ref": "VpcPrivateSubnet1RouteTableB2C5B500",
        },
      },
      "Type": "AWS::EC2::Route",
    },
    "VpcPrivateSubnet1RouteTableAssociation70C59FA6": Object {
      "Properties": Object {
        "RouteTableId": Object {
          "Ref": "VpcPrivateSubnet1RouteTableB2C5B500",
        },
        "SubnetId": Object {
          "Ref": "VpcPrivateSubnet1Subnet536B997A",
        },
      },
      "Type": "AWS::EC2::SubnetRouteTableAssociation",
    },
    "VpcPrivateSubnet1RouteTableB2C5B500": Object {
      "Properties": Object {
        "Tags": Array [
          Object {
            "Key": "Name",
            "Value": "MyTestStack/Vpc/PrivateSubnet1",
          },
        ],
        "VpcId": Object {
          "Ref": "Vpc8378EB38",
        },
      },
      "Type": "AWS::EC2::RouteTable",
    },
    "VpcPrivateSubnet1Subnet536B997A": Object {
      "Properties": Object {
        "AvailabilityZone": Object {
          "Fn::Select": Array [
            0,
            Object {
              "Fn::GetAZs": "",
            },
          ],
        },
        "CidrBlock": "10.0.128.0/18",
        "MapPublicIpOnLaunch": false,
        "Tags": Array [
          Object {
            "Key": "aws-cdk:subnet-name",
            "Value": "Private",
          },
          Object {
            "Key": "aws-cdk:subnet-type",
            "Value": "Private",
          },
          Object {
            "Key": "Name",
            "Value": "MyTestStack/Vpc/PrivateSubnet1",
          },
        ],
        "VpcId": Object {
          "Ref": "Vpc8378EB38",
        },
      },
      "Type": "AWS::EC2::Subnet",
    },
    "VpcPrivateSubnet2DefaultRoute060D2087": Object {
      "Properties": Object {
        "DestinationCidrBlock": "0.0.0.0/0",
        "NatGatewayId": Object {
          "Ref": "VpcPublicSubnet2NATGateway9182C01D",
        },
        "RouteTableId": Object {
          "Ref": "VpcPrivateSubnet2RouteTableA678073B",
        },
      },
      "Type": "AWS::EC2::Route",
    },
    "VpcPrivateSubnet2RouteTableA678073B": Object {
      "Properties": Object {
        "Tags": Array [
          Object {
            "Key": "Name",
            "Value": "MyTestStack/Vpc/PrivateSubnet2",
          },
        ],
        "VpcId": Object {
          "Ref": "Vpc8378EB38",
        },
      },
      "Type": "AWS::EC2::RouteTable",
    },
    "VpcPrivateSubnet2RouteTableAssociationA89CAD56": Object {
      "Properties": Object {
        "RouteTableId": Object {
          "Ref": "VpcPrivateSubnet2RouteTableA678073B",
        },
        "SubnetId": Object {
          "Ref": "VpcPrivateSubnet2Subnet3788AAA1",
        },
      },
      "Type": "AWS::EC2::SubnetRouteTableAssociation",
    },
    "VpcPrivateSubnet2Subnet3788AAA1": Object {
      "Properties": Object {
        "AvailabilityZone": Object {
          "Fn::Select": Array [
            1,
            Object {
              "Fn::GetAZs": "",
            },
          ],
        },
        "CidrBlock": "10.0.192.0/18",
        "MapPublicIpOnLaunch": false,
        "Tags": Array [
          Object {
            "Key": "aws-cdk:subnet-name",
            "Value": "Private",
          },
          Object {
            "Key": "aws-cdk:subnet-type",
            "Value": "Private",
          },
          Object {
            "Key": "Name",
            "Value": "MyTestStack/Vpc/PrivateSubnet2",
          },
        ],
        "VpcId": Object {
          "Ref": "Vpc8378EB38",
        },
      },
      "Type": "AWS::EC2::Subnet",
    },
    "VpcPublicSubnet1DefaultRoute3DA9E72A": Object {
      "DependsOn": Array [
        "VpcVPCGWBF912B6E",
      ],
      "Properties": Object {
        "DestinationCidrBlock": "0.0.0.0/0",
        "GatewayId": Object {
          "Ref": "VpcIGWD7BA715C",
        },
        "RouteTableId": Object {
          "Ref": "VpcPublicSubnet1RouteTable6C95E38E",
        },
      },
      "Type": "AWS::EC2::Route",
    },
    "VpcPublicSubnet1EIPD7E02669": Object {
      "Properties": Object {
        "Domain": "vpc",
        "Tags": Array [
          Object {
            "Key": "Name",
            "Value": "MyTestStack/Vpc/PublicSubnet1",
          },
        ],
      },
      "Type": "AWS::EC2::EIP",
    },
    "VpcPublicSubnet1NATGateway4D7517AA": Object {
      "DependsOn": Array [
        "VpcPublicSubnet1DefaultRoute3DA9E72A",
        "VpcPublicSubnet1RouteTableAssociation97140677",
      ],
      "Properties": Object {
        "AllocationId": Object {
          "Fn::GetAtt": Array [
            "VpcPublicSubnet1EIPD7E02669",
            "AllocationId",
          ],
        },
        "SubnetId": Object {
          "Ref": "VpcPublicSubnet1Subnet5C2D37C4",
        },
        "Tags": Array [
          Object {
            "Key": "Name",
            "Value": "MyTestStack/Vpc/PublicSubnet1",
          },
        ],
      },
      "Type": "AWS::EC2::NatGateway",
    },
    "VpcPublicSubnet1RouteTable6C95E38E": Object {
      "Properties": Object {
        "Tags": Array [
          Object {
            "Key": "Name",
            "Value": "MyTestStack/Vpc/PublicSubnet1",
          },
        ],
        "VpcId": Object {
          "Ref": "Vpc8378EB38",
        },
      },
      "Type": "AWS::EC2::RouteTable",
    },
    "VpcPublicSubnet1RouteTableAssociation97140677": Object {
      "Properties": Object {
        "RouteTableId": Object {
          "Ref": "VpcPublicSubnet1RouteTable6C95E38E",
        },
        "SubnetId": Object {
          "Ref": "VpcPublicSubnet1Subnet5C2D37C4",
        },
      },
      "Type": "AWS::EC2::SubnetRouteTableAssociation",
    },
    "VpcPublicSubnet1Subnet5C2D37C4": Object {
      "Properties": Object {
        "AvailabilityZone": Object {
          "Fn::Select": Array [
            0,
            Object {
              "Fn::GetAZs": "",
            },
          ],
        },
        "CidrBlock": "10.0.0.0/18",
        "MapPublicIpOnLaunch": true,
        "Tags": Array [
          Object {
            "Key": "aws-cdk:subnet-name",
            "Value": "Public",
          },
          Object {
            "Key": "aws-cdk:subnet-type",
            "Value": "Public",
          },
          Object {
            "Key": "Name",
            "Value": "MyTestStack/Vpc/PublicSubnet1",
          },
        ],
        "VpcId": Object {
          "Ref": "Vpc8378EB38",
        },
      },
      "Type": "AWS::EC2::Subnet",
    },
    "VpcPublicSubnet2DefaultRoute97F91067": Object {
      "DependsOn": Array [
        "VpcVPCGWBF912B6E",
      ],
      "Properties": Object {
        "DestinationCidrBlock": "0.0.0.0/0",
        "GatewayId": Object {
          "Ref": "VpcIGWD7BA715C",
        },
        "RouteTableId": Object {
          "Ref": "VpcPublicSubnet2RouteTable94F7E489",
        },
      },
      "Type": "AWS::EC2::Route",
    },
    "VpcPublicSubnet2EIP3C605A87": Object {
      "Properties": Object {
        "Domain": "vpc",
        "Tags": Array [
          Object {
            "Key": "Name",
            "Value": "MyTestStack/Vpc/PublicSubnet2",
          },
        ],
      },
      "Type": "AWS::EC2::EIP",
    },
    "VpcPublicSubnet2NATGateway9182C01D": Object {
      "DependsOn": Array [
        "VpcPublicSubnet2DefaultRoute97F91067",
        "VpcPublicSubnet2RouteTableAssociationDD5762D8",
      ],
      "Properties": Object {
        "AllocationId": Object {
          "Fn::GetAtt": Array [
            "VpcPublicSubnet2EIP3C605A87",
            "AllocationId",
          ],
        },
        "SubnetId": Object {
          "Ref": "VpcPublicSubnet2Subnet691E08A3",
        },
        "Tags": Array [
          Object {
            "Key": "Name",
            "Value": "MyTestStack/Vpc/PublicSubnet2",
          },
        ],
      },
      "Type": "AWS::EC2::NatGateway",
    },
    "VpcPublicSubnet2RouteTable94F7E489": Object {
      "Properties": Object {
        "Tags": Array [
          Object {
            "Key": "Name",
            "Value": "MyTestStack/Vpc/PublicSubnet2",
          },
        ],
        "VpcId": Object {
          "Ref": "Vpc8378EB38",
        },
      },
      "Type": "AWS::EC2::RouteTable",
    },
    "VpcPublicSubnet2RouteTableAssociationDD5762D8": Object {
      "Properties": Object {
        "RouteTableId": Object {
          "Ref": "VpcPublicSubnet2RouteTable94F7E489",
        },
        "SubnetId": Object {
          "Ref": "VpcPublicSubnet2Subnet691E08A3",
        },
      },
      "Type": "AWS::EC2::SubnetRouteTableAssociation",
    },
    "VpcPublicSubnet2Subnet691E08A3": Object {
      "Properties": Object {
        "AvailabilityZone": Object {
          "Fn::Select": Array [
            1,
            Object {
              "Fn::GetAZs": "",
            },
          ],
        },
        "CidrBlock": "10.0.64.0/18",
        "MapPublicIpOnLaunch": true,
        "Tags": Array [
          Object {
            "Key": "aws-cdk:subnet-name",
            "Value": "Public",
          },
          Object {
            "Key": "aws-cdk:subnet-type",
            "Value": "Public",
          },
          Object {
            "Key": "Name",
            "Value": "MyTestStack/Vpc/PublicSubnet2",
          },
        ],
        "VpcId": Object {
          "Ref": "Vpc8378EB38",
        },
      },
      "Type": "AWS::EC2::Subnet",
    },
    "VpcVPCGWBF912B6E": Object {
      "Properties": Object {
        "InternetGatewayId": Object {
          "Ref": "VpcIGWD7BA715C",
        },
        "VpcId": Object {
          "Ref": "Vpc8378EB38",
        },
      },
      "Type": "AWS::EC2::VPCGatewayAttachment",
    },
  },
  "Rules": Object {
    "CheckBootstrapVersion": Object {
      "Assertions": Array [
        Object {
          "Assert": Object {
            "Fn::Not": Array [
              Object {
                "Fn::Contains": Array [
                  Array [
                    "1",
                    "2",
                    "3",
                    "4",
                    "5",
                  ],
                  Object {
                    "Ref": "BootstrapVersion",
                  },
                ],
              },
            ],
          },
          "AssertDescription": "CDK bootstrap stack version 6 required. Please run 'cdk bootstrap' with a recent version of the CDK CLI.",
        },
      ],
    },
  },
}
`;
